{
    "tumor bam - stub": {
        "content": [
            {
                "bins_csv": [
                    [
                        {
                            "id": "TUMOR",
                            "case_id": "TEST",
                            "sample_name": "TUMOR",
                            "sample_type": "tumor"
                        },
                        "TUMOR.jumble.csv:md5,d41d8cd98f00b204e9800998ecf8427e"
                    ]
                ],
                "cnr": [
                    [
                        {
                            "id": "TUMOR",
                            "case_id": "TEST",
                            "sample_name": "TUMOR",
                            "sample_type": "tumor"
                        },
                        "TUMOR.cnr:md5,d41d8cd98f00b204e9800998ecf8427e"
                    ]
                ],
                "cns": [
                    [
                        {
                            "id": "TUMOR",
                            "case_id": "TEST",
                            "sample_name": "TUMOR",
                            "sample_type": "tumor"
                        },
                        "TUMOR.cns:md5,d41d8cd98f00b204e9800998ecf8427e"
                    ]
                ],
                "counts": [
                    [
                        {
                            "id": "TUMOR",
                            "case_id": "TEST",
                            "sample_name": "TUMOR",
                            "sample_type": "tumor"
                        },
                        "TUMOR.bam.counts.RDS:md5,d41d8cd98f00b204e9800998ecf8427e"
                    ]
                ],
                "genes_csv": [
                    [
                        {
                            "id": "TUMOR",
                            "case_id": "TEST",
                            "sample_name": "TUMOR",
                            "sample_type": "tumor"
                        },
                        "TUMOR.genes.csv:md5,d41d8cd98f00b204e9800998ecf8427e"
                    ]
                ],
                "png": [
                    [
                        {
                            "id": "TUMOR",
                            "case_id": "TEST",
                            "sample_name": "TUMOR",
                            "sample_type": "tumor"
                        },
                        "TUMOR.png:md5,d41d8cd98f00b204e9800998ecf8427e"
                    ]
                ],
                "profile_bedgraph": [
                    [
                        {
                            "id": "TUMOR",
                            "case_id": "TEST",
                            "sample_name": "TUMOR",
                            "sample_type": "tumor"
                        },
                        "TUMOR_profile.bedgraph:md5,d41d8cd98f00b204e9800998ecf8427e"
                    ]
                ],
                "qc_csv": [
                    [
                        {
                            "id": "TUMOR",
                            "case_id": "TEST",
                            "sample_name": "TUMOR",
                            "sample_type": "tumor"
                        },
                        "TUMOR.qc.csv:md5,d41d8cd98f00b204e9800998ecf8427e"
                    ]
                ],
                "seg": [
                    [
                        {
                            "id": "TUMOR",
                            "case_id": "TEST",
                            "sample_name": "TUMOR",
                            "sample_type": "tumor"
                        },
                        "TUMOR_dnacopy.seg:md5,d41d8cd98f00b204e9800998ecf8427e"
                    ]
                ],
                "segments_bedgraph": [
                    [
                        {
                            "id": "TUMOR",
                            "case_id": "TEST",
                            "sample_name": "TUMOR",
                            "sample_type": "tumor"
                        },
                        "TUMOR_segments.bedgraph:md5,d41d8cd98f00b204e9800998ecf8427e"
                    ]
                ],
                "versions_jumble": [
                    [
                        "JUMBLE_RUN",
                        "Jumble",
                        "0.5.5"
                    ]
                ]
            }
        ],
        "timestamp": "2026-09-08T10:54:35.604010802",
        "meta": {
            "nf-test": "0.9.4",
            "nextflow": "26.04.6"
        }
    },
    "tumor bam": {
        "content": [
            [
                [
                    {
                        "id": "TUMOR",
                        "case_id": "TEST",
                        "sample_name": "TUMOR",
                        "sample_type": "tumor"
                    },
                    "TUMOR.jumble.csv"
                ]
            ],
            [
                [
                    {
                        "id": "TUMOR",
                        "case_id": "TEST",
                        "sample_name": "TUMOR",
                        "sample_type": "tumor"
                    },
                    "TUMOR.cnr"
                ]
            ],
            [
                [
                    {
                        "id": "TUMOR",
                        "case_id": "TEST",
                        "sample_name": "TUMOR",
                        "sample_type": "tumor"
                    },
                    "TUMOR.cns:md5,e41dbdf513a19b863d6b930db5ab8646"
                ]
            ],
            [
                [
                    {
                        "id": "TUMOR",
                        "case_id": "TEST",
                        "sample_name": "TUMOR",
                        "sample_type": "tumor"
                    },
                    "TUMOR_dedup.bam.counts.RDS:md5,4b22705ab48d423fd882bc83d58297d7"
                ]
            ],
            [
                [
                    {
                        "id": "TUMOR",
                        "case_id": "TEST",
                        "sample_name": "TUMOR",
                        "sample_type": "tumor"
                    },
                    "TUMOR.genes.csv:md5,e40cf589608380854a6e88c3e2e7b22e"
                ]
            ],
            [
                [
                    {
                        "id": "TUMOR",
                        "case_id": "TEST",
                        "sample_name": "TUMOR",
                        "sample_type": "tumor"
                    },
                    "TUMOR_profile.bedgraph"
                ]
            ],
            [
                [
                    {
                        "id": "TUMOR",
                        "case_id": "TEST",
                        "sample_name": "TUMOR",
                        "sample_type": "tumor"
                    },
                    "TUMOR.qc.csv:md5,c4137f27ced4f9556845e2a2b710ce49"
                ]
            ],
            [
                [
                    {
                        "id": "TUMOR",
                        "case_id": "TEST",
                        "sample_name": "TUMOR",
                        "sample_type": "tumor"
                    },
                    "TUMOR_dnacopy.seg"
                ]
            ],
            [
                [
                    {
                        "id": "TUMOR",
                        "case_id": "TEST",
                        "sample_name": "TUMOR",
                        "sample_type": "tumor"
                    },
                    "TUMOR_segments.bedgraph:md5,9e0c544b55f85ef593dfd8d65865d583"
                ]
            ],
            [
                [
                    {
                        "id": "TUMOR",
                        "case_id": "TEST",
                        "sample_name": "TUMOR",
                        "sample_type": "tumor"
                    },
                    "TUMOR.png"
                ]
            ],
            [
                [
                    "JUMBLE_RUN",
                    "Jumble",
                    "0.5.5"
                ]
            ]
        ],
        "timestamp": "2026-09-08T12:53:20.72548452",
        "meta": {
            "nf-test": "0.9.4",
            "nextflow": "26.04.6"
        }
    }
}