{
    "tumor bam - stub": {
        "content": [
            {
                "bins_csv": [
                    [
                        {
                            "id": "TUMOR",
                            "case_id": "TEST",
                            "sample_name": "TUMOR",
                            "sample_type": "tumor"
                        },
                        "TUMOR_dedup.jumble.csv:md5,d41d8cd98f00b204e9800998ecf8427e"
                    ]
                ],
                "cnr": [
                    [
                        {
                            "id": "TUMOR",
                            "case_id": "TEST",
                            "sample_name": "TUMOR",
                            "sample_type": "tumor"
                        },
                        "TUMOR_dedup.cnr:md5,d41d8cd98f00b204e9800998ecf8427e"
                    ]
                ],
                "cns": [
                    [
                        {
                            "id": "TUMOR",
                            "case_id": "TEST",
                            "sample_name": "TUMOR",
                            "sample_type": "tumor"
                        },
                        "TUMOR_dedup.cns:md5,d41d8cd98f00b204e9800998ecf8427e"
                    ]
                ],
                "counts": [
                    [
                        {
                            "id": "TUMOR",
                            "case_id": "TEST",
                            "sample_name": "TUMOR",
                            "sample_type": "tumor"
                        },
                        "TUMOR_dedup.bam.counts.RDS:md5,d41d8cd98f00b204e9800998ecf8427e"
                    ]
                ],
                "genes_csv": [
                    [
                        {
                            "id": "TUMOR",
                            "case_id": "TEST",
                            "sample_name": "TUMOR",
                            "sample_type": "tumor"
                        },
                        "TUMOR_dedup.genes.csv:md5,d41d8cd98f00b204e9800998ecf8427e"
                    ]
                ],
                "png": [
                    [
                        {
                            "id": "TUMOR",
                            "case_id": "TEST",
                            "sample_name": "TUMOR",
                            "sample_type": "tumor"
                        },
                        "TUMOR_dedup.png:md5,d41d8cd98f00b204e9800998ecf8427e"
                    ]
                ],
                "profile_bedgraph": [
                    [
                        {
                            "id": "TUMOR",
                            "case_id": "TEST",
                            "sample_name": "TUMOR",
                            "sample_type": "tumor"
                        },
                        "TUMOR_dedup_profile.bedgraph:md5,d41d8cd98f00b204e9800998ecf8427e"
                    ]
                ],
                "qc_csv": [
                    [
                        {
                            "id": "TUMOR",
                            "case_id": "TEST",
                            "sample_name": "TUMOR",
                            "sample_type": "tumor"
                        },
                        "TUMOR_dedup.qc.csv:md5,d41d8cd98f00b204e9800998ecf8427e"
                    ]
                ],
                "seg": [
                    [
                        {
                            "id": "TUMOR",
                            "case_id": "TEST",
                            "sample_name": "TUMOR",
                            "sample_type": "tumor"
                        },
                        "TUMOR_dedup_dnacopy.seg:md5,d41d8cd98f00b204e9800998ecf8427e"
                    ]
                ],
                "segments_bedgraph": [
                    [
                        {
                            "id": "TUMOR",
                            "case_id": "TEST",
                            "sample_name": "TUMOR",
                            "sample_type": "tumor"
                        },
                        "TUMOR_dedup_segments.bedgraph:md5,d41d8cd98f00b204e9800998ecf8427e"
                    ]
                ],
                "versions_jumble": [
                    [
                        "JUMBLE_RUN",
                        "Jumble",
                        "0.5.5"
                    ]
                ]
            }
        ],
        "timestamp": "2026-09-04T12:11:52.32734864",
        "meta": {
            "nf-test": "0.9.4",
            "nextflow": "26.04.6"
        }
    },
    "tumor bam": {
        "content": [
            [
                [
                    {
                        "id": "TUMOR",
                        "case_id": "TEST",
                        "sample_name": "TUMOR",
                        "sample_type": "tumor"
                    },
                    "TUMOR_dedup.jumble.csv:md5,0ec5bc0a3732dfe9d9d5dce80c040b32"
                ]
            ],
            [
                [
                    {
                        "id": "TUMOR",
                        "case_id": "TEST",
                        "sample_name": "TUMOR",
                        "sample_type": "tumor"
                    },
                    "TUMOR_dedup.cnr:md5,2928e91c441c92a40effcd5e2a86ec72"
                ]
            ],
            [
                [
                    {
                        "id": "TUMOR",
                        "case_id": "TEST",
                        "sample_name": "TUMOR",
                        "sample_type": "tumor"
                    },
                    "TUMOR_dedup.cns:md5,e41dbdf513a19b863d6b930db5ab8646"
                ]
            ],
            [
                [
                    {
                        "id": "TUMOR",
                        "case_id": "TEST",
                        "sample_name": "TUMOR",
                        "sample_type": "tumor"
                    },
                    "TUMOR_dedup.bam.counts.RDS:md5,4b22705ab48d423fd882bc83d58297d7"
                ]
            ],
            [
                [
                    {
                        "id": "TUMOR",
                        "case_id": "TEST",
                        "sample_name": "TUMOR",
                        "sample_type": "tumor"
                    },
                    "TUMOR_dedup.genes.csv:md5,e40cf589608380854a6e88c3e2e7b22e"
                ]
            ],
            [
                [
                    {
                        "id": "TUMOR",
                        "case_id": "TEST",
                        "sample_name": "TUMOR",
                        "sample_type": "tumor"
                    },
                    "TUMOR_dedup_profile.bedgraph:md5,eedf81db1af879aea604eb837d438154"
                ]
            ],
            [
                [
                    {
                        "id": "TUMOR",
                        "case_id": "TEST",
                        "sample_name": "TUMOR",
                        "sample_type": "tumor"
                    },
                    "TUMOR_dedup.qc.csv:md5,25567dc55c4b5569adbc3d8256144a78"
                ]
            ],
            [
                [
                    {
                        "id": "TUMOR",
                        "case_id": "TEST",
                        "sample_name": "TUMOR",
                        "sample_type": "tumor"
                    },
                    "TUMOR_dedup_dnacopy.seg:md5,9bc76115e388473aaff0120c81f5e5b6"
                ]
            ],
            [
                [
                    {
                        "id": "TUMOR",
                        "case_id": "TEST",
                        "sample_name": "TUMOR",
                        "sample_type": "tumor"
                    },
                    "TUMOR_dedup_segments.bedgraph:md5,9e0c544b55f85ef593dfd8d65865d583"
                ]
            ],
            [
                [
                    {
                        "id": "TUMOR",
                        "case_id": "TEST",
                        "sample_name": "TUMOR",
                        "sample_type": "tumor"
                    },
                    "TUMOR_dedup.png"
                ]
            ],
            [
                [
                    "JUMBLE_RUN",
                    "Jumble",
                    "0.5.5"
                ]
            ]
        ],
        "timestamp": "2026-09-04T12:13:34.924838044",
        "meta": {
            "nf-test": "0.9.4",
            "nextflow": "26.04.6"
        }
    }
}