{
    "-profile test": {
        "content": [
            {
                "ANNOTATE_CNVS": {
                    "annotate_cnvs": "annotate_cnvs.py 1.0.0"
                },
                "ANNOTATE_VEP": {
                    "ensemblvep": 115.2,
                    "tabix": 1.21
                },
                "BWAMEM2_MEM": {
                    "bwamem2": "2.2.1",
                    "samtools": 1.21
                },
                "FASTP": {
                    "fastp": "0.24.0"
                },
                "FASTQC": {
                    "fastqc": "0.12.1"
                },
                "GATK4_CALCULATECONTAMINATION": {
                    "gatk4": "4.6.1.0"
                },
                "GATK4_FILTERMUTECTCALLS": {
                    "gatk4": "4.6.1.0"
                },
                "GATK4_GETPILEUPSUMMARIES_NORMAL": {
                    "gatk4": "4.6.1.0"
                },
                "GATK4_GETPILEUPSUMMARIES_TUMOR": {
                    "gatk4": "4.6.1.0"
                },
                "GATK4_LEARNREADORIENTATIONMODEL": {
                    "gatk4": "4.6.1.0"
                },
                "GATK4_MUTECT2": {
                    "gatk4": "4.6.1.0"
                },
                "GRIDSS_ASSEMBLE": {
                    "gridss": "2.13.2"
                },
                "GRIDSS_CALL": {
                    "gridss": "2.13.2"
                },
                "GRIDSS_EXTRACT_OVERLAPPING_FRAGMENTS": {
                    "gridss": "2.13.2",
                    "samtools": 1.22
                },
                "GRIDSS_PREPROCESS": {
                    "gridss": "2.13.2"
                },
                "GRIPSS_GERMLINE": {
                    "gripss": 2.4
                },
                "GRIPSS_SOMATIC": {
                    "gripss": 2.4
                },
                "JUMBLE_RUN": {
                    "Jumble": 0.6
                },
                "MARKDUPLICATES": {
                    "gatk4": "4.6.1.0",
                    "samtools": 1.21
                },
                "PASSFILTER_FOR_MUTECT2": {
                    "bcftools": 1.22
                },
                "PASSFILTER_FOR_SAGE": {
                    "bcftools": 1.22
                },
                "PICARD_COLLECTHSMETRICS": {
                    "picard": "3.3.0"
                },
                "PICARD_COLLECTMULTIPLEMETRICS": {
                    "picard": "3.3.0"
                },
                "PURECN_RUN": {
                    "PureCN": "2.12.0"
                },
                "SAGE_SOMATIC": {
                    "stub": "noversions"
                },
                "SOMATIC_VCFMERGE": {
                    "bcftools": "bcftools 1.22",
                    "tabix": "tabix (htslib) 1.22.1"
                },
                "TYPEDPYD": {
                    "typeDPYD": "0.1.0"
                },
                "VT_DECOMPOSE": {
                    "vt": "2015.11.10"
                },
                "VT_NORMALIZE": {
                    "vt": "2015.11.10"
                },
                "Workflow": {
                    "nf-core/autoseq": "v1.0.0dev"
                }
            },
            [
                "pipeline_info",
                "pipeline_info/nf_core_autoseq_software_mqc_versions.yml"
            ],
            [
                
            ]
        ],
        "meta": {
            "nf-test": "0.9.2",
            "nextflow": "25.10.4"
        },
        "timestamp": "2026-04-14T14:41:22.615768622"
    }
}