{
    "test_umi profile - paired tumor-normal": {
        "content": [
            76,
            {
                "ANNOTATE_CNVS": {
                    "annotate_cnvs": "annotate_cnvs.py 1.0.0"
                },
                "ANNOTATE_VEP": {
                    "ensemblvep": 115.2,
                    "tabix": 1.21
                },
                "BAM2FASTQ_POST": {
                    "samtools": 1.24
                },
                "BAM2FASTQ_PRE": {
                    "samtools": 1.24
                },
                "CALLDUPLEXCONSENSUS": {
                    "fgbio": "3.1.2"
                },
                "CAT_FASTQ": {
                    "cat": 9.5
                },
                "FASTP": {
                    "fastp": "0.24.0"
                },
                "FASTQC": {
                    "fastqc": "0.12.1"
                },
                "FASTQTOBAM": {
                    "fgbio": "3.1.2"
                },
                "FILTERCONSENSUS": {
                    "fgbio": "3.1.2"
                },
                "GATK4_CALCULATECONTAMINATION": {
                    "gatk4": "4.7.0.0"
                },
                "GATK4_FILTERMUTECTCALLS": {
                    "gatk4": "4.7.0.0"
                },
                "GATK4_GETPILEUPSUMMARIES_NORMAL": {
                    "gatk4": "4.7.0.0"
                },
                "GATK4_GETPILEUPSUMMARIES_TUMOR": {
                    "gatk4": "4.7.0.0"
                },
                "GATK4_LEARNREADORIENTATIONMODEL": {
                    "gatk4": "4.7.0.0"
                },
                "GATK4_MUTECT2": {
                    "gatk4": "4.7.0.0"
                },
                "GRIDSS_ASSEMBLE": {
                    "gridss": "2.13.2"
                },
                "GRIDSS_CALL": {
                    "gridss": "2.13.2"
                },
                "GRIDSS_EXTRACT_OVERLAPPING_FRAGMENTS": {
                    "gridss": "2.13.2",
                    "samtools": 1.21
                },
                "GRIDSS_PREPROCESS": {
                    "gridss": "2.13.2"
                },
                "GRIPSS_GERMLINE": {
                    "gripss": 2.4
                },
                "GRIPSS_SOMATIC": {
                    "gripss": 2.4
                },
                "GROUPREADSBYUMI": {
                    "fgbio": "3.1.2"
                },
                "JUMBLE_RUN": {
                    "Jumble": 0.6
                },
                "PASSFILTER_FOR_MUTECT2": {
                    "bcftools": 1.22
                },
                "PASSFILTER_FOR_SAGE": {
                    "bcftools": 1.22
                },
                "PICARD_COLLECTHSMETRICS": {
                    "picard": "3.3.0"
                },
                "PICARD_COLLECTMULTIPLEMETRICS": {
                    "picard": "3.3.0"
                },
                "PURECN_RUN": {
                    "PureCN": "2.12.0"
                },
                "SAGE_SOMATIC": {
                    "sage": 4.1
                },
                "SOMATIC_VCFMERGE": {
                    "bcftools": "bcftools 1.22",
                    "tabix": "tabix (htslib) 1.22.1"
                },
                "SORTBAM": {
                    "samtools": 1.24
                },
                "TYPEDPYD": {
                    "typeDPYD": "0.1.0"
                },
                "UNTAR_GRIDSS_INDEX": {
                    "untar": 1.34
                },
                "UNTAR_HMF_ENSEMBL_DATA": {
                    "untar": 1.34
                },
                "UNTAR_VEP_CACHE": {
                    "untar": 1.34
                },
                "VT_DECOMPOSE": {
                    "vt": "2015.11.10"
                },
                "VT_NORMALIZE": {
                    "vt": "2015.11.10"
                },
                "Workflow": {
                    "genomic-medicine-sweden/autoseq": "v1.0.0dev"
                },
                "ZIPPERBAMS_POST": {
                    "fgbio": "3.1.2"
                },
                "ZIPPERBAMS_PRE": {
                    "fgbio": "3.1.2"
                }
            },
            [
                "alignment",
                "alignment/NORMAL_consensus_mapped.bam",
                "alignment/NORMAL_consensus_mapped.bam.bai",
                "alignment/TUMOR_consensus_mapped.bam",
                "alignment/TUMOR_consensus_mapped.bam.bai",
                "cnv",
                "cnv/TEST.NORMAL.cnr",
                "cnv/TEST.NORMAL.cns",
                "cnv/TEST.NORMAL.png",
                "cnv/TEST.NORMAL_ann.cns",
                "cnv/TEST.NORMAL_dnacopy.seg",
                "cnv/TEST.NORMAL_profile.bedgraph",
                "cnv/TEST.NORMAL_segments.bedgraph",
                "cnv/TEST.TUMOR.cnr",
                "cnv/TEST.TUMOR.cns",
                "cnv/TEST.TUMOR.png",
                "cnv/TEST.TUMOR_ann.cns",
                "cnv/TEST.TUMOR_dnacopy.seg",
                "cnv/TEST.TUMOR_profile.bedgraph",
                "cnv/TEST.TUMOR_segments.bedgraph",
                "dpyd",
                "dpyd/TEST.NORMAL.DPYD.csv",
                "dpyd/TEST.NORMAL.DPYD.json",
                "dpyd/TEST.TUMOR.DPYD.csv",
                "dpyd/TEST.TUMOR.DPYD.json",
                "multiqc",
                "multiqc/multiqc_report.html",
                "pipeline_info",
                "pipeline_info/autoseq_software_mqc_versions.yml",
                "purecn",
                "purecn/TEST.TUMOR_purecn.csv",
                "purecn/TEST.TUMOR_purecn.pdf",
                "purecn/TEST.TUMOR_purecn_local_optima.pdf",
                "purecn/TEST.TUMOR_purecn_segmentation.pdf",
                "qc",
                "qc/contamination",
                "qc/contamination/TEST.TUMOR_TEST.NORMAL.contamination.table",
                "qc/picard",
                "qc/picard/NORMAL.CollectHsMetrics.coverage_metrics",
                "qc/picard/NORMAL.CollectMultipleMetrics.alignment_summary_metrics",
                "qc/picard/NORMAL.CollectMultipleMetrics.base_distribution_by_cycle_metrics",
                "qc/picard/NORMAL.CollectMultipleMetrics.insert_size_metrics",
                "qc/picard/NORMAL.CollectMultipleMetrics.quality_by_cycle_metrics",
                "qc/picard/NORMAL.CollectMultipleMetrics.quality_distribution_metrics",
                "qc/picard/TUMOR.CollectHsMetrics.coverage_metrics",
                "qc/picard/TUMOR.CollectMultipleMetrics.alignment_summary_metrics",
                "qc/picard/TUMOR.CollectMultipleMetrics.base_distribution_by_cycle_metrics",
                "qc/picard/TUMOR.CollectMultipleMetrics.insert_size_metrics",
                "qc/picard/TUMOR.CollectMultipleMetrics.quality_by_cycle_metrics",
                "qc/picard/TUMOR.CollectMultipleMetrics.quality_distribution_metrics",
                "qc/samtools",
                "qc/samtools/NORMAL.flagstat",
                "qc/samtools/TUMOR.flagstat",
                "svs",
                "svs/germline",
                "svs/germline/TEST.TUMOR.gripss.filtered.germline.vcf.gz",
                "svs/germline/TEST.TUMOR.gripss.filtered.germline.vcf.gz.tbi",
                "svs/germline/TEST.TUMOR.gripss.germline.vcf.gz",
                "svs/germline/TEST.TUMOR.gripss.germline.vcf.gz.tbi",
                "svs/somatic",
                "svs/somatic/TEST.TUMOR.gripss.filtered.somatic.vcf.gz",
                "svs/somatic/TEST.TUMOR.gripss.filtered.somatic.vcf.gz.tbi",
                "svs/somatic/TEST.TUMOR.gripss.somatic.vcf.gz",
                "svs/somatic/TEST.TUMOR.gripss.somatic.vcf.gz.tbi",
                "variants",
                "variants/germline",
                "variants/germline/NORMAL-all.germline.vep.vcf.gz",
                "variants/germline/NORMAL-all.germline.vep.vcf.gz.tbi",
                "variants/germline/haplotypecaller",
                "variants/germline/haplotypecaller/NORMAL_haplotypecaller.vcf.gz",
                "variants/germline/haplotypecaller/NORMAL_haplotypecaller.vcf.gz.tbi",
                "variants/somatic",
                "variants/somatic/TEST.TUMOR_TEST.NORMAL-all.somatic.vep.vcf.gz",
                "variants/somatic/TEST.TUMOR_TEST.NORMAL-all.somatic.vep.vcf.gz.tbi",
                "variants/somatic/merged",
                "variants/somatic/merged/TEST.TUMOR_TEST.NORMAL-all.somatic.vcf.gz",
                "variants/somatic/merged/TEST.TUMOR_TEST.NORMAL-all.somatic.vcf.gz.tbi",
                "variants/somatic/mutect2",
                "variants/somatic/mutect2/TEST.TUMOR_TEST.NORMAL_mutect2_filtered.vcf.gz",
                "variants/somatic/mutect2/TEST.TUMOR_TEST.NORMAL_mutect2_filtered.vcf.gz.filteringStats.tsv",
                "variants/somatic/mutect2/TEST.TUMOR_TEST.NORMAL_mutect2_filtered.vcf.gz.tbi",
                "variants/somatic/sage",
                "variants/somatic/sage/somatic",
                "variants/somatic/sage/somatic/TEST.TUMOR.sage.somatic.vcf.gz",
                "variants/somatic/sage/somatic/TEST.TUMOR.sage.somatic.vcf.gz.tbi"
            ],
            [
                "TEST.NORMAL.cns:md5,78f6c0b312e30579aa2511f8fde8670a",
                "TEST.NORMAL_ann.cns:md5,f1fd6cd4e44df367267a00119a3be24e",
                "TEST.NORMAL_segments.bedgraph:md5,1a76e952d14c04272d6c8928c6e92d7a",
                "TEST.TUMOR.cns:md5,7933061df26ca31c024347f6404a269a",
                "TEST.TUMOR_ann.cns:md5,b04bf58ccd1cb6ce6cdedb974e188cc3",
                "TEST.TUMOR_segments.bedgraph:md5,38b9f6b0eedb8ad36f69bb8113cf8a27",
                "TEST.NORMAL.DPYD.csv:md5,143ffaa9d7b70b853f022dcc02d45800",
                "TEST.NORMAL.DPYD.json:md5,0cd8bc15aea6d369c31a7e55c23f3334",
                "TEST.TUMOR.DPYD.csv:md5,bf70cd22e73b1146ee83d325c7de354b",
                "TEST.TUMOR.DPYD.json:md5,5c5f9c12eaec9914c8884ef1103473fe",
                "TEST.TUMOR_purecn.csv:md5,0a81935cd5900a478dacafae6de8e689",
                "TEST.TUMOR_TEST.NORMAL.contamination.table:md5,ff6e287b8fa6621479797a04907bcab9",
                "NORMAL.flagstat:md5,1585ab4b2eb9d0324247c368a6e2d3aa",
                "TUMOR.flagstat:md5,559e61f55c42911d884a382ac60bf8db",
                "TEST.TUMOR_TEST.NORMAL_mutect2_filtered.vcf.gz.filteringStats.tsv:md5,eb61b96f3d2566a2c05aaf68f08a584d"
            ],
            [
                [
                    "NORMAL_consensus_mapped.bam",
                    "ad04141d1af307fbc61e215b481fd603"
                ],
                [
                    "TUMOR_consensus_mapped.bam",
                    "eca0a47133dcca6105820da9f479f8d1"
                ]
            ],
            [
                [
                    "TEST.TUMOR.gripss.filtered.germline.vcf.gz",
                    "d41d8cd98f00b204e9800998ecf8427e"
                ],
                [
                    "TEST.TUMOR.gripss.germline.vcf.gz",
                    "d41d8cd98f00b204e9800998ecf8427e"
                ],
                [
                    "TEST.TUMOR.gripss.filtered.somatic.vcf.gz",
                    "d41d8cd98f00b204e9800998ecf8427e"
                ],
                [
                    "TEST.TUMOR.gripss.somatic.vcf.gz",
                    "d41d8cd98f00b204e9800998ecf8427e"
                ],
                [
                    "NORMAL-all.germline.vep.vcf.gz",
                    "d41d8cd98f00b204e9800998ecf8427e"
                ],
                [
                    "NORMAL_haplotypecaller.vcf.gz",
                    "79185a569cc50a38a25364bf94883da6"
                ],
                [
                    "TEST.TUMOR_TEST.NORMAL-all.somatic.vep.vcf.gz",
                    "d41d8cd98f00b204e9800998ecf8427e"
                ],
                [
                    "TEST.TUMOR_TEST.NORMAL-all.somatic.vcf.gz",
                    "c259936a0e7e2dcc3414f7c1e4b9dd6c"
                ],
                [
                    "TEST.TUMOR_TEST.NORMAL_mutect2_filtered.vcf.gz",
                    "3af057165a636e52b0652576defc1e20"
                ],
                [
                    "TEST.TUMOR.sage.somatic.vcf.gz",
                    "1e426bb8e04150d6b456c5c5ea97cab1"
                ]
            ]
        ],
        "timestamp": "2026-08-26T15:20:37.281658355",
        "meta": {
            "nf-test": "0.9.4",
            "nextflow": "26.04.6"
        }
    },
    "test_umi profile - paired tumor-normal - stub": {
        "content": [
            76,
            {
                "ANNOTATE_CNVS": {
                    "annotate_cnvs": "annotate_cnvs.py 1.0.0"
                },
                "ANNOTATE_VEP": {
                    "ensemblvep": 115.2,
                    "tabix": 1.21
                },
                "BAM2FASTQ_POST": {
                    "samtools": 1.24
                },
                "BAM2FASTQ_PRE": {
                    "samtools": 1.24
                },
                "CALLDUPLEXCONSENSUS": {
                    "fgbio": "3.1.2"
                },
                "CAT_FASTQ": {
                    "cat": 9.5
                },
                "FASTP": {
                    "fastp": "0.24.0"
                },
                "FASTQC": {
                    "fastqc": "0.12.1"
                },
                "FASTQTOBAM": {
                    "fgbio": "3.1.2"
                },
                "FILTERCONSENSUS": {
                    "fgbio": "3.1.2"
                },
                "GATK4_CALCULATECONTAMINATION": {
                    "gatk4": "4.7.0.0"
                },
                "GATK4_FILTERMUTECTCALLS": {
                    "gatk4": "4.7.0.0"
                },
                "GATK4_GETPILEUPSUMMARIES_NORMAL": {
                    "gatk4": "4.7.0.0"
                },
                "GATK4_GETPILEUPSUMMARIES_TUMOR": {
                    "gatk4": "4.7.0.0"
                },
                "GATK4_LEARNREADORIENTATIONMODEL": {
                    "gatk4": "4.7.0.0"
                },
                "GATK4_MUTECT2": {
                    "gatk4": "4.7.0.0"
                },
                "GRIDSS_ASSEMBLE": {
                    "gridss": "2.13.2"
                },
                "GRIDSS_CALL": {
                    "gridss": "2.13.2"
                },
                "GRIDSS_EXTRACT_OVERLAPPING_FRAGMENTS": {
                    "gridss": "2.13.2",
                    "samtools": 1.21
                },
                "GRIDSS_PREPROCESS": {
                    "gridss": "2.13.2"
                },
                "GRIPSS_GERMLINE": {
                    "gripss": 2.4
                },
                "GRIPSS_SOMATIC": {
                    "gripss": 2.4
                },
                "GROUPREADSBYUMI": {
                    "fgbio": "3.1.2"
                },
                "JUMBLE_RUN": {
                    "Jumble": 0.6
                },
                "PASSFILTER_FOR_MUTECT2": {
                    "bcftools": 1.22
                },
                "PASSFILTER_FOR_SAGE": {
                    "bcftools": 1.22
                },
                "PICARD_COLLECTHSMETRICS": {
                    "picard": "3.3.0"
                },
                "PICARD_COLLECTMULTIPLEMETRICS": {
                    "picard": "3.3.0"
                },
                "PURECN_RUN": {
                    "PureCN": "2.12.0"
                },
                "SAGE_SOMATIC": {
                    "stub": "noversions"
                },
                "SOMATIC_VCFMERGE": {
                    "bcftools": "bcftools 1.22",
                    "tabix": "tabix (htslib) 1.22.1"
                },
                "SORTBAM": {
                    "samtools": 1.24
                },
                "TYPEDPYD": {
                    "typeDPYD": "0.1.0"
                },
                "UNTAR_GRIDSS_INDEX": {
                    "untar": 1.34
                },
                "UNTAR_HMF_ENSEMBL_DATA": {
                    "untar": 1.34
                },
                "UNTAR_VEP_CACHE": {
                    "untar": 1.34
                },
                "VT_DECOMPOSE": {
                    "vt": "2015.11.10"
                },
                "VT_NORMALIZE": {
                    "vt": "2015.11.10"
                },
                "Workflow": {
                    "genomic-medicine-sweden/autoseq": "v1.0.0dev"
                },
                "ZIPPERBAMS_POST": {
                    "fgbio": "3.1.2"
                },
                "ZIPPERBAMS_PRE": {
                    "fgbio": "3.1.2"
                }
            },
            [
                "alignment",
                "alignment/NORMAL_consensus_mapped.bam",
                "alignment/NORMAL_consensus_mapped.bam.bai",
                "alignment/TUMOR_consensus_mapped.bam",
                "alignment/TUMOR_consensus_mapped.bam.bai",
                "cnv",
                "cnv/TEST.NORMAL.cnr",
                "cnv/TEST.NORMAL.cns",
                "cnv/TEST.NORMAL.png",
                "cnv/TEST.NORMAL_ann.cns",
                "cnv/TEST.NORMAL_dnacopy.seg",
                "cnv/TEST.NORMAL_profile.bedgraph",
                "cnv/TEST.NORMAL_segments.bedgraph",
                "cnv/TEST.TUMOR.cnr",
                "cnv/TEST.TUMOR.cns",
                "cnv/TEST.TUMOR.png",
                "cnv/TEST.TUMOR_ann.cns",
                "cnv/TEST.TUMOR_dnacopy.seg",
                "cnv/TEST.TUMOR_profile.bedgraph",
                "cnv/TEST.TUMOR_segments.bedgraph",
                "dpyd",
                "dpyd/TEST.NORMAL.DPYD.csv",
                "dpyd/TEST.NORMAL.DPYD.json",
                "dpyd/TEST.TUMOR.DPYD.csv",
                "dpyd/TEST.TUMOR.DPYD.json",
                "multiqc",
                "multiqc/multiqc_report.html",
                "pipeline_info",
                "pipeline_info/autoseq_software_mqc_versions.yml",
                "purecn",
                "purecn/TEST.TUMOR_purecn.csv",
                "purecn/TEST.TUMOR_purecn.pdf",
                "purecn/TEST.TUMOR_purecn_local_optima.pdf",
                "qc",
                "qc/contamination",
                "qc/contamination/TEST.TUMOR_TEST.NORMAL.contamination.table",
                "qc/picard",
                "qc/picard/NORMAL.CollectHsMetrics.coverage_metrics",
                "qc/picard/NORMAL.CollectMultipleMetrics.alignment_summary_metrics",
                "qc/picard/NORMAL.CollectMultipleMetrics.base_distribution_by_cycle_metrics",
                "qc/picard/NORMAL.CollectMultipleMetrics.insert_size_metrics",
                "qc/picard/NORMAL.CollectMultipleMetrics.quality_by_cycle_metrics",
                "qc/picard/NORMAL.CollectMultipleMetrics.quality_distribution_metrics",
                "qc/picard/TUMOR.CollectHsMetrics.coverage_metrics",
                "qc/picard/TUMOR.CollectMultipleMetrics.alignment_summary_metrics",
                "qc/picard/TUMOR.CollectMultipleMetrics.base_distribution_by_cycle_metrics",
                "qc/picard/TUMOR.CollectMultipleMetrics.insert_size_metrics",
                "qc/picard/TUMOR.CollectMultipleMetrics.quality_by_cycle_metrics",
                "qc/picard/TUMOR.CollectMultipleMetrics.quality_distribution_metrics",
                "qc/samtools",
                "qc/samtools/NORMAL.flagstat",
                "qc/samtools/TUMOR.flagstat",
                "svs",
                "svs/germline",
                "svs/germline/TEST.NORMAL.gripss.filtered.germline.vcf.gz",
                "svs/germline/TEST.NORMAL.gripss.filtered.germline.vcf.gz.tbi",
                "svs/germline/TEST.NORMAL.gripss.germline.vcf.gz",
                "svs/germline/TEST.NORMAL.gripss.germline.vcf.gz.tbi",
                "svs/somatic",
                "svs/somatic/TEST.TUMOR.gripss.filtered.somatic.vcf.gz",
                "svs/somatic/TEST.TUMOR.gripss.filtered.somatic.vcf.gz.tbi",
                "svs/somatic/TEST.TUMOR.gripss.somatic.vcf.gz",
                "svs/somatic/TEST.TUMOR.gripss.somatic.vcf.gz.tbi",
                "variants",
                "variants/germline",
                "variants/germline/NORMAL-all.germline.vep.vcf.gz",
                "variants/germline/NORMAL-all.germline.vep.vcf.gz.tbi",
                "variants/germline/haplotypecaller",
                "variants/germline/haplotypecaller/NORMAL_haplotypecaller.vcf.gz",
                "variants/germline/haplotypecaller/NORMAL_haplotypecaller.vcf.gz.tbi",
                "variants/somatic",
                "variants/somatic/TEST.TUMOR_TEST.NORMAL-all.somatic.vep.vcf.gz",
                "variants/somatic/TEST.TUMOR_TEST.NORMAL-all.somatic.vep.vcf.gz.tbi",
                "variants/somatic/merged",
                "variants/somatic/merged/TEST.TUMOR_TEST.NORMAL-all.somatic.vcf.gz",
                "variants/somatic/merged/TEST.TUMOR_TEST.NORMAL-all.somatic.vcf.gz.tbi",
                "variants/somatic/mutect2",
                "variants/somatic/mutect2/TEST.TUMOR_TEST.NORMAL_mutect2_filtered.vcf.gz",
                "variants/somatic/mutect2/TEST.TUMOR_TEST.NORMAL_mutect2_filtered.vcf.gz.filteringStats.tsv",
                "variants/somatic/mutect2/TEST.TUMOR_TEST.NORMAL_mutect2_filtered.vcf.gz.tbi",
                "variants/somatic/sage",
                "variants/somatic/sage/somatic",
                "variants/somatic/sage/somatic/TEST.TUMOR.sage.somatic.vcf.gz",
                "variants/somatic/sage/somatic/TEST.TUMOR.sage.somatic.vcf.gz.tbi"
            ]
        ],
        "timestamp": "2026-08-26T15:25:26.252175572",
        "meta": {
            "nf-test": "0.9.4",
            "nextflow": "26.04.6"
        }
    }
}