{
    "normal sample with panel intervals - stub": {
        "content": [
            [
                [
                    {
                        "id": "NORMAL",
                        "case_id": "TEST",
                        "sample_name": "NORMAL",
                        "sample_type": "normal"
                    },
                    "NORMAL_haplotypecaller.vcf.gz"
                ]
            ],
            [
                [
                    {
                        "id": "NORMAL",
                        "case_id": "TEST",
                        "sample_name": "NORMAL",
                        "sample_type": "normal"
                    },
                    "NORMAL_haplotypecaller.vcf.gz.tbi"
                ]
            ],
            [
                [
                    {
                        "id": "NORMAL",
                        "case_id": "TEST",
                        "sample_name": "NORMAL",
                        "sample_type": "normal"
                    },
                    "NORMAL-all.germline.vep.vcf.gz"
                ]
            ],
            [
                [
                    {
                        "id": "NORMAL",
                        "case_id": "TEST",
                        "sample_name": "NORMAL",
                        "sample_type": "normal"
                    },
                    "NORMAL-all.germline.vep.vcf.gz.tbi"
                ]
            ]
        ],
        "timestamp": "2026-08-10T14:22:34.250556764",
        "meta": {
            "nf-test": "0.9.4",
            "nextflow": "26.04.6"
        }
    },
    "normal sample with panel intervals": {
        "content": [
            [
                [
                    {
                        "id": "NORMAL",
                        "case_id": "TEST",
                        "sample_name": "NORMAL",
                        "sample_type": "normal"
                    },
                    "NORMAL_haplotypecaller.vcf.gz:52b988e94f0b29a95e76ba24a654ac5c"
                ]
            ],
            [
                [
                    {
                        "id": "NORMAL",
                        "case_id": "TEST",
                        "sample_name": "NORMAL",
                        "sample_type": "normal"
                    },
                    "NORMAL_haplotypecaller.vcf.gz.tbi"
                ]
            ],
            [
                [
                    {
                        "id": "NORMAL",
                        "case_id": "TEST",
                        "sample_name": "NORMAL",
                        "sample_type": "normal"
                    },
                    "NORMAL-all.germline.vep.vcf.gz:d41d8cd98f00b204e9800998ecf8427e"
                ]
            ],
            [
                [
                    {
                        "id": "NORMAL",
                        "case_id": "TEST",
                        "sample_name": "NORMAL",
                        "sample_type": "normal"
                    },
                    "NORMAL-all.germline.vep.vcf.gz.tbi"
                ]
            ]
        ],
        "timestamp": "2026-08-13T14:21:00.73870608",
        "meta": {
            "nf-test": "0.9.4",
            "nextflow": "26.04.6"
        }
    }
}