{
    "somatic (tumor sample)": {
        "content": [
            [
                [
                    {
                        "id": "test_tumor",
                        "sample_type": "tumor"
                    },
                    "test_tumor_ann.cns:md5,7a228353c86ca7f92b4ce5e24ebf1bf7"
                ]
            ],
            [
                [
                    "ANNOTATE_CNVS",
                    "annotate_cnvs",
                    "annotate_cnvs.py 1.0.0"
                ]
            ]
        ],
        "timestamp": "2026-05-25T15:32:49.621039761",
        "meta": {
            "nf-test": "0.9.4",
            "nextflow": "25.10.4"
        }
    },
    "stub": {
        "content": [
            [
                [
                    {
                        "id": "test_tumor",
                        "sample_type": "tumor"
                    },
                    "test_tumor_ann.cns:md5,d41d8cd98f00b204e9800998ecf8427e"
                ]
            ],
            [
                [
                    "ANNOTATE_CNVS",
                    "annotate_cnvs",
                    "annotate_cnvs.py 1.0.0"
                ]
            ]
        ],
        "timestamp": "2026-05-25T15:33:06.112624095",
        "meta": {
            "nf-test": "0.9.4",
            "nextflow": "25.10.4"
        }
    },
    "germline (normal sample)": {
        "content": [
            [
                [
                    {
                        "id": "test_normal",
                        "sample_type": "normal"
                    },
                    "test_normal_ann.cns:md5,cc4c562b615ce05cfda9152edb2d72fb"
                ]
            ],
            [
                [
                    "ANNOTATE_CNVS",
                    "annotate_cnvs",
                    "annotate_cnvs.py 1.0.0"
                ]
            ]
        ],
        "timestamp": "2026-05-25T15:32:58.794987846",
        "meta": {
            "nf-test": "0.9.4",
            "nextflow": "25.10.4"
        }
    }
}