{
    "tumor and normal samples - stub": {
        "content": [
            {
                "cnr": [
                    [
                        {
                            "id": "NORMAL",
                            "case_id": "TEST",
                            "sample_name": "NORMAL",
                            "sample_type": "normal"
                        },
                        "NORMAL.cnr:md5,d41d8cd98f00b204e9800998ecf8427e"
                    ],
                    [
                        {
                            "id": "TUMOR",
                            "case_id": "TEST",
                            "sample_name": "TUMOR",
                            "sample_type": "tumor"
                        },
                        "TUMOR.cnr:md5,d41d8cd98f00b204e9800998ecf8427e"
                    ]
                ],
                "cns": [
                    [
                        {
                            "id": "NORMAL",
                            "case_id": "TEST",
                            "sample_name": "NORMAL",
                            "sample_type": "normal"
                        },
                        "NORMAL_ann.cns:md5,d41d8cd98f00b204e9800998ecf8427e"
                    ],
                    [
                        {
                            "id": "TUMOR",
                            "case_id": "TEST",
                            "sample_name": "TUMOR",
                            "sample_type": "tumor"
                        },
                        "TUMOR_ann.cns:md5,d41d8cd98f00b204e9800998ecf8427e"
                    ]
                ],
                "jumble_cns": [
                    [
                        {
                            "id": "NORMAL",
                            "case_id": "TEST",
                            "sample_name": "NORMAL",
                            "sample_type": "normal"
                        },
                        "NORMAL.cns:md5,d41d8cd98f00b204e9800998ecf8427e"
                    ],
                    [
                        {
                            "id": "TUMOR",
                            "case_id": "TEST",
                            "sample_name": "TUMOR",
                            "sample_type": "tumor"
                        },
                        "TUMOR.cns:md5,d41d8cd98f00b204e9800998ecf8427e"
                    ]
                ],
                "png": [
                    [
                        {
                            "id": "NORMAL",
                            "case_id": "TEST",
                            "sample_name": "NORMAL",
                            "sample_type": "normal"
                        },
                        "NORMAL.png:md5,d41d8cd98f00b204e9800998ecf8427e"
                    ],
                    [
                        {
                            "id": "TUMOR",
                            "case_id": "TEST",
                            "sample_name": "TUMOR",
                            "sample_type": "tumor"
                        },
                        "TUMOR.png:md5,d41d8cd98f00b204e9800998ecf8427e"
                    ]
                ],
                "profile_bedgraph": [
                    [
                        {
                            "id": "NORMAL",
                            "case_id": "TEST",
                            "sample_name": "NORMAL",
                            "sample_type": "normal"
                        },
                        "NORMAL_profile.bedgraph:md5,d41d8cd98f00b204e9800998ecf8427e"
                    ],
                    [
                        {
                            "id": "TUMOR",
                            "case_id": "TEST",
                            "sample_name": "TUMOR",
                            "sample_type": "tumor"
                        },
                        "TUMOR_profile.bedgraph:md5,d41d8cd98f00b204e9800998ecf8427e"
                    ]
                ],
                "seg": [
                    [
                        {
                            "id": "NORMAL",
                            "case_id": "TEST",
                            "sample_name": "NORMAL",
                            "sample_type": "normal"
                        },
                        "NORMAL_dnacopy.seg:md5,d41d8cd98f00b204e9800998ecf8427e"
                    ],
                    [
                        {
                            "id": "TUMOR",
                            "case_id": "TEST",
                            "sample_name": "TUMOR",
                            "sample_type": "tumor"
                        },
                        "TUMOR_dnacopy.seg:md5,d41d8cd98f00b204e9800998ecf8427e"
                    ]
                ],
                "segments_bedgraph": [
                    [
                        {
                            "id": "NORMAL",
                            "case_id": "TEST",
                            "sample_name": "NORMAL",
                            "sample_type": "normal"
                        },
                        "NORMAL_segments.bedgraph:md5,d41d8cd98f00b204e9800998ecf8427e"
                    ],
                    [
                        {
                            "id": "TUMOR",
                            "case_id": "TEST",
                            "sample_name": "TUMOR",
                            "sample_type": "tumor"
                        },
                        "TUMOR_segments.bedgraph:md5,d41d8cd98f00b204e9800998ecf8427e"
                    ]
                ]
            }
        ],
        "timestamp": "2026-08-10T13:58:41.384568163",
        "meta": {
            "nf-test": "0.9.4",
            "nextflow": "26.04.6"
        }
    },
    "tumor and normal samples": {
        "content": [
            [
                [
                    {
                        "id": "NORMAL",
                        "case_id": "TEST",
                        "sample_name": "NORMAL",
                        "sample_type": "normal"
                    },
                    "NORMAL.cns:md5,9430d1649900c63ba34a40d064e0cb20"
                ],
                [
                    {
                        "id": "TUMOR",
                        "case_id": "TEST",
                        "sample_name": "TUMOR",
                        "sample_type": "tumor"
                    },
                    "TUMOR.cns:md5,e41dbdf513a19b863d6b930db5ab8646"
                ]
            ],
            [
                [
                    {
                        "id": "NORMAL",
                        "case_id": "TEST",
                        "sample_name": "NORMAL",
                        "sample_type": "normal"
                    },
                    "NORMAL_segments.bedgraph:md5,3ec54917a94542887c7e0e4f6b5ac6db"
                ],
                [
                    {
                        "id": "TUMOR",
                        "case_id": "TEST",
                        "sample_name": "TUMOR",
                        "sample_type": "tumor"
                    },
                    "TUMOR_segments.bedgraph:md5,9e0c544b55f85ef593dfd8d65865d583"
                ]
            ],
            [
                [
                    {
                        "id": "NORMAL",
                        "case_id": "TEST",
                        "sample_name": "NORMAL",
                        "sample_type": "normal"
                    },
                    "NORMAL_ann.cns:md5,6bc35f7c1969157f511a4b2b9e9cccb0"
                ],
                [
                    {
                        "id": "TUMOR",
                        "case_id": "TEST",
                        "sample_name": "TUMOR",
                        "sample_type": "tumor"
                    },
                    "TUMOR_ann.cns:md5,27d3bbef1a64909bb9177a7ccfec1c4b"
                ]
            ],
            [
                [
                    {
                        "id": "NORMAL",
                        "case_id": "TEST",
                        "sample_name": "NORMAL",
                        "sample_type": "normal"
                    },
                    "NORMAL.cnr"
                ],
                [
                    {
                        "id": "TUMOR",
                        "case_id": "TEST",
                        "sample_name": "TUMOR",
                        "sample_type": "tumor"
                    },
                    "TUMOR.cnr"
                ]
            ],
            [
                [
                    {
                        "id": "NORMAL",
                        "case_id": "TEST",
                        "sample_name": "NORMAL",
                        "sample_type": "normal"
                    },
                    "NORMAL_dnacopy.seg"
                ],
                [
                    {
                        "id": "TUMOR",
                        "case_id": "TEST",
                        "sample_name": "TUMOR",
                        "sample_type": "tumor"
                    },
                    "TUMOR_dnacopy.seg"
                ]
            ],
            [
                [
                    {
                        "id": "NORMAL",
                        "case_id": "TEST",
                        "sample_name": "NORMAL",
                        "sample_type": "normal"
                    },
                    "NORMAL_profile.bedgraph"
                ],
                [
                    {
                        "id": "TUMOR",
                        "case_id": "TEST",
                        "sample_name": "TUMOR",
                        "sample_type": "tumor"
                    },
                    "TUMOR_profile.bedgraph"
                ]
            ],
            [
                [
                    {
                        "id": "NORMAL",
                        "case_id": "TEST",
                        "sample_name": "NORMAL",
                        "sample_type": "normal"
                    },
                    "NORMAL.png"
                ],
                [
                    {
                        "id": "TUMOR",
                        "case_id": "TEST",
                        "sample_name": "TUMOR",
                        "sample_type": "tumor"
                    },
                    "TUMOR.png"
                ]
            ]
        ],
        "timestamp": "2026-09-08T11:43:37.618875522",
        "meta": {
            "nf-test": "0.9.4",
            "nextflow": "26.04.6"
        }
    }
}