{
    "tumor bam with panel intervals": {
        "content": [
            [
                [
                    {
                        "id": "TUMOR",
                        "case_id": "TEST",
                        "sample_name": "TUMOR",
                        "sample_type": "tumor"
                    },
                    [
                        "TUMOR.CollectMultipleMetrics.alignment_summary_metrics:md5,f2ea0f402f27211df9bfd8b79525bfb8",
                        "TUMOR.CollectMultipleMetrics.base_distribution_by_cycle_metrics:md5,20428acd7e633ca3c1a1fc99cf2a0cc3",
                        "TUMOR.CollectMultipleMetrics.insert_size_metrics:md5,b7aa3fbf15b43c28e958552231eed847",
                        "TUMOR.CollectMultipleMetrics.quality_by_cycle_metrics:md5,101b9685098ecb47f922bf948bd902e8",
                        "TUMOR.CollectMultipleMetrics.quality_distribution_metrics:md5,4b36a00410b873b0ac7314bbac486293"
                    ]
                ]
            ],
            [
                [
                    {
                        "id": "TUMOR",
                        "case_id": "TEST",
                        "sample_name": "TUMOR",
                        "sample_type": "tumor"
                    },
                    "TUMOR.CollectHsMetrics.coverage_metrics:md5,4abbd7833481f4922f781834cc929738"
                ]
            ],
            [
                [
                    {
                        "id": "TUMOR",
                        "case_id": "TEST",
                        "sample_name": "TUMOR",
                        "sample_type": "tumor"
                    },
                    "TUMOR.flagstat:md5,9140f04f5f15fcb58cdb04c1c061c650"
                ]
            ]
        ],
        "timestamp": "2026-09-24T12:00:16.118053008",
        "meta": {
            "nf-test": "0.9.5",
            "nextflow": "26.04.6"
        }
    },
    "tumor bam with panel intervals - stub": {
        "content": [
            {
                "flagstat": [
                    [
                        {
                            "id": "TUMOR",
                            "case_id": "TEST",
                            "sample_name": "TUMOR",
                            "sample_type": "tumor"
                        },
                        "TUMOR.flagstat:md5,67394650dbae96d1a4fcc70484822159"
                    ]
                ],
                "hs_metrics": [
                    [
                        {
                            "id": "TUMOR",
                            "case_id": "TEST",
                            "sample_name": "TUMOR",
                            "sample_type": "tumor"
                        },
                        "TUMOR.CollectHsMetrics.coverage_metrics:md5,d41d8cd98f00b204e9800998ecf8427e"
                    ]
                ],
                "multiple_metrics": [
                    [
                        {
                            "id": "TUMOR",
                            "case_id": "TEST",
                            "sample_name": "TUMOR",
                            "sample_type": "tumor"
                        },
                        [
                            "TUMOR.CollectMultipleMetrics.alignment_summary_metrics:md5,d41d8cd98f00b204e9800998ecf8427e",
                            "TUMOR.CollectMultipleMetrics.base_distribution_by_cycle_metrics:md5,d41d8cd98f00b204e9800998ecf8427e",
                            "TUMOR.CollectMultipleMetrics.insert_size_metrics:md5,d41d8cd98f00b204e9800998ecf8427e",
                            "TUMOR.CollectMultipleMetrics.quality_by_cycle_metrics:md5,d41d8cd98f00b204e9800998ecf8427e",
                            "TUMOR.CollectMultipleMetrics.quality_distribution_metrics:md5,d41d8cd98f00b204e9800998ecf8427e"
                        ]
                    ]
                ]
            }
        ],
        "timestamp": "2026-09-24T12:00:22.043028249",
        "meta": {
            "nf-test": "0.9.5",
            "nextflow": "26.04.6"
        }
    }
}