{
    "profile_tumor_biomarkers - with VCF ": {
        "content": [
            [
                [
                    {
                        "id": "test_tumor",
                        "case_id": "test_case",
                        "sample_type": "tumor"
                    },
                    "test_tumor_purecn.csv:md5,6509c326c007900ef35aed58bfc34d55"
                ]
            ],
            [
                
            ],
            [
                [
                    {
                        "id": "test_sample"
                    },
                    "test_sample.DPYD.csv:md5,4e966b6e924ce8660de4b9a0ed971f07"
                ]
            ],
            [
                [
                    {
                        "id": "test_sample"
                    },
                    "test_sample.DPYD.json:md5,4c63101c786af43f474ddfcf561f7ca4"
                ]
            ]
        ],
        "timestamp": "2026-10-09T10:20:43.610630196",
        "meta": {
            "nf-test": "0.9.5",
            "nextflow": "26.04.6"
        }
    },
    "profile_tumor_biomarkers - stub": {
        "content": [
            {
                "dpyd_csv": [
                    [
                        {
                            "id": "test_sample"
                        },
                        "test_sample.DPYD.csv:md5,d41d8cd98f00b204e9800998ecf8427e"
                    ]
                ],
                "dpyd_json": [
                    [
                        {
                            "id": "test_sample"
                        },
                        "test_sample.DPYD.json:md5,d41d8cd98f00b204e9800998ecf8427e"
                    ]
                ],
                "purecn_csv": [
                    [
                        {
                            "id": "test_tumor",
                            "case_id": "test_case",
                            "sample_type": "tumor"
                        },
                        "test_tumor_purecn.csv:md5,d41d8cd98f00b204e9800998ecf8427e"
                    ]
                ],
                "purecn_genes_csv": [
                    
                ],
                "purecn_loh_csv": [
                    
                ],
                "purecn_pdf": [
                    [
                        {
                            "id": "test_tumor",
                            "case_id": "test_case",
                            "sample_type": "tumor"
                        },
                        [
                            "test_tumor_purecn.pdf:md5,d41d8cd98f00b204e9800998ecf8427e",
                            "test_tumor_purecn_local_optima.pdf:md5,d41d8cd98f00b204e9800998ecf8427e"
                        ]
                    ]
                ],
                "purecn_variants_csv": [
                    
                ]
            }
        ],
        "timestamp": "2026-10-09T10:20:50.569598022",
        "meta": {
            "nf-test": "0.9.5",
            "nextflow": "26.04.6"
        }
    }
}