{
    "profile_tumor_biomarkers - with VCF ": {
        "content": [
            [
                [
                    {
                        "id": "test_sample",
                        "tumor_id": "test_tumor"
                    },
                    "test_sample_purecn.csv:md5,6509c326c007900ef35aed58bfc34d55"
                ]
            ],
            [
                
            ],
            [
                [
                    {
                        "id": "test_sample"
                    },
                    "test_sample.DPYD.csv:md5,4e966b6e924ce8660de4b9a0ed971f07"
                ]
            ],
            [
                [
                    {
                        "id": "test_sample"
                    },
                    "test_sample.DPYD.json:md5,4c63101c786af43f474ddfcf561f7ca4"
                ]
            ]
        ],
        "timestamp": "2026-07-21T17:57:37.459125721",
        "meta": {
            "nf-test": "0.9.4",
            "nextflow": "26.04.3"
        }
    },
    "profile_tumor_biomarkers - stub": {
        "content": [
            {
                "dpyd_csv": [
                    [
                        {
                            "id": "test_sample"
                        },
                        "test_sample.DPYD.csv:md5,d41d8cd98f00b204e9800998ecf8427e"
                    ]
                ],
                "dpyd_json": [
                    [
                        {
                            "id": "test_sample"
                        },
                        "test_sample.DPYD.json:md5,d41d8cd98f00b204e9800998ecf8427e"
                    ]
                ],
                "purecn_csv": [
                    [
                        {
                            "id": "test_sample",
                            "tumor_id": "test_tumor"
                        },
                        "test_sample_purecn.csv:md5,d41d8cd98f00b204e9800998ecf8427e"
                    ]
                ],
                "purecn_genes_csv": [
                    
                ],
                "purecn_loh_csv": [
                    
                ],
                "purecn_pdf": [
                    [
                        {
                            "id": "test_sample",
                            "tumor_id": "test_tumor"
                        },
                        [
                            "test_sample_purecn.pdf:md5,d41d8cd98f00b204e9800998ecf8427e",
                            "test_sample_purecn_local_optima.pdf:md5,d41d8cd98f00b204e9800998ecf8427e"
                        ]
                    ]
                ],
                "purecn_variants_csv": [
                    
                ]
            }
        ],
        "timestamp": "2026-07-21T17:58:13.434806387",
        "meta": {
            "nf-test": "0.9.4",
            "nextflow": "26.04.3"
        }
    },
    "profile_tumor_biomarkers - without VCF": {
        "content": [
            [
                [
                    {
                        "id": "test_sample",
                        "tumor_id": "test_tumor"
                    },
                    "test_sample_purecn.csv:md5,6509c326c007900ef35aed58bfc34d55"
                ]
            ],
            [
                [
                    {
                        "id": "test_sample",
                        "tumor_id": "test_tumor"
                    },
                    "test_sample_purecn_genes.csv:md5,a1485ae8fc2e3aa20acb01b9489fbc18"
                ]
            ],
            [
                [
                    {
                        "id": "test_sample"
                    },
                    "test_sample.DPYD.csv:md5,4e966b6e924ce8660de4b9a0ed971f07"
                ]
            ],
            [
                [
                    {
                        "id": "test_sample"
                    },
                    "test_sample.DPYD.json:md5,4c63101c786af43f474ddfcf561f7ca4"
                ]
            ]
        ],
        "timestamp": "2026-07-21T17:58:01.646389351",
        "meta": {
            "nf-test": "0.9.4",
            "nextflow": "26.04.3"
        }
    }
}