{
    "tumor only without VCF": {
        "content": [
            [
                [
                    {
                        "id": "TUMOR",
                        "case_id": "TEST",
                        "sample_name": "TUMOR",
                        "sample_type": "tumor"
                    },
                    "TUMOR_purecn.csv:md5,6509c326c007900ef35aed58bfc34d55"
                ]
            ],
            [
                [
                    {
                        "id": "TUMOR",
                        "case_id": "TEST",
                        "sample_name": "TUMOR",
                        "sample_type": "tumor"
                    },
                    "TUMOR_purecn_genes.csv:md5,a0e7fecf71a67b43f8d4a9089c906a4d"
                ]
            ],
            [
                [
                    {
                        "id": "TUMOR",
                        "case_id": "TEST",
                        "sample_name": "TUMOR",
                        "sample_type": "tumor"
                    },
                    "TUMOR.DPYD.csv:md5,4e966b6e924ce8660de4b9a0ed971f07"
                ]
            ],
            [
                [
                    {
                        "id": "TUMOR",
                        "case_id": "TEST",
                        "sample_name": "TUMOR",
                        "sample_type": "tumor"
                    },
                    "TUMOR.DPYD.json:md5,4c63101c786af43f474ddfcf561f7ca4"
                ]
            ],
            [
                [
                    {
                        "id": "TUMOR",
                        "case_id": "TEST",
                        "sample_name": "TUMOR",
                        "sample_type": "tumor"
                    },
                    "TUMOR.frankenplot.html"
                ]
            ]
        ],
        "timestamp": "2026-09-29T12:51:31.640123942",
        "meta": {
            "nf-test": "0.9.5",
            "nextflow": "26.04.6"
        }
    },
    "paired tumor-normal - stub": {
        "content": [
            {
                "dpyd_csv": [
                    [
                        {
                            "id": "NORMAL",
                            "case_id": "TEST",
                            "sample_name": "NORMAL",
                            "sample_type": "normal"
                        },
                        "NORMAL.DPYD.csv:md5,d41d8cd98f00b204e9800998ecf8427e"
                    ],
                    [
                        {
                            "id": "TUMOR",
                            "case_id": "TEST",
                            "sample_name": "TUMOR",
                            "sample_type": "tumor"
                        },
                        "TUMOR.DPYD.csv:md5,d41d8cd98f00b204e9800998ecf8427e"
                    ]
                ],
                "dpyd_json": [
                    [
                        {
                            "id": "NORMAL",
                            "case_id": "TEST",
                            "sample_name": "NORMAL",
                            "sample_type": "normal"
                        },
                        "NORMAL.DPYD.json:md5,d41d8cd98f00b204e9800998ecf8427e"
                    ],
                    [
                        {
                            "id": "TUMOR",
                            "case_id": "TEST",
                            "sample_name": "TUMOR",
                            "sample_type": "tumor"
                        },
                        "TUMOR.DPYD.json:md5,d41d8cd98f00b204e9800998ecf8427e"
                    ]
                ],
                "frankenplot_html": [
                    [
                        {
                            "id": "TUMOR",
                            "case_id": "TEST",
                            "sample_name": "TUMOR",
                            "sample_type": "tumor"
                        },
                        "TUMOR.frankenplot.html:md5,d41d8cd98f00b204e9800998ecf8427e"
                    ]
                ],
                "purecn_csv": [
                    [
                        {
                            "id": "TUMOR",
                            "case_id": "TEST",
                            "sample_name": "TUMOR",
                            "sample_type": "tumor"
                        },
                        "TUMOR_purecn.csv:md5,d41d8cd98f00b204e9800998ecf8427e"
                    ]
                ],
                "purecn_genes_csv": [
                    
                ],
                "purecn_loh_csv": [
                    
                ],
                "purecn_pdf": [
                    [
                        {
                            "id": "TUMOR",
                            "case_id": "TEST",
                            "sample_name": "TUMOR",
                            "sample_type": "tumor"
                        },
                        [
                            "TUMOR_purecn.pdf:md5,d41d8cd98f00b204e9800998ecf8427e",
                            "TUMOR_purecn_local_optima.pdf:md5,d41d8cd98f00b204e9800998ecf8427e"
                        ]
                    ]
                ],
                "purecn_variants_csv": [
                    
                ]
            }
        ],
        "timestamp": "2026-09-29T12:51:48.375469368",
        "meta": {
            "nf-test": "0.9.5",
            "nextflow": "26.04.6"
        }
    },
    "paired tumor-normal with VCF": {
        "content": [
            [
                [
                    {
                        "id": "TUMOR",
                        "case_id": "TEST",
                        "sample_name": "TUMOR",
                        "sample_type": "tumor"
                    },
                    "TUMOR_purecn.csv:md5,6509c326c007900ef35aed58bfc34d55"
                ]
            ],
            [
                
            ],
            [
                [
                    {
                        "id": "NORMAL",
                        "case_id": "TEST",
                        "sample_name": "NORMAL",
                        "sample_type": "normal"
                    },
                    "NORMAL.DPYD.csv:md5,7ace75e81aecf36a3cd6227532b6e96a"
                ],
                [
                    {
                        "id": "TUMOR",
                        "case_id": "TEST",
                        "sample_name": "TUMOR",
                        "sample_type": "tumor"
                    },
                    "TUMOR.DPYD.csv:md5,4e966b6e924ce8660de4b9a0ed971f07"
                ]
            ],
            [
                [
                    {
                        "id": "NORMAL",
                        "case_id": "TEST",
                        "sample_name": "NORMAL",
                        "sample_type": "normal"
                    },
                    "NORMAL.DPYD.json:md5,bc844dd3cb9083e2c914ddc8300def2c"
                ],
                [
                    {
                        "id": "TUMOR",
                        "case_id": "TEST",
                        "sample_name": "TUMOR",
                        "sample_type": "tumor"
                    },
                    "TUMOR.DPYD.json:md5,4c63101c786af43f474ddfcf561f7ca4"
                ]
            ],
            [
                
            ]
        ],
        "timestamp": "2026-09-29T12:51:02.271448563",
        "meta": {
            "nf-test": "0.9.5",
            "nextflow": "26.04.6"
        }
    }
}