{
    "assemble - targeted_bam - stub": {
        "content": [
            [
                [
                    {
                        "id": "test_sample",
                        "sample_type": "tumor"
                    },
                    [
                        
                    ],
                    "test_sample.sv.assembly.bam:md5,d41d8cd98f00b204e9800998ecf8427e"
                ]
            ],
            {
                "versions_gridss": [
                    [
                        "GRIDSS_ASSEMBLE",
                        "gridss",
                        "2.13.2"
                    ]
                ]
            }
        ],
        "timestamp": "2026-06-04T12:08:58.954107113",
        "meta": {
            "nf-test": "0.9.4",
            "nextflow": "25.10.4"
        }
    },
    "assemble - targeted_bam": {
        "content": [
            [
                [
                    {
                        "id": "test_sample",
                        "sample_type": "tumor"
                    },
                    [
                        "test_sample.sv.assembly.bam.cigar_metrics",
                        "test_sample.sv.assembly.bam.coverage.blacklist.bed",
                        "test_sample.sv.assembly.bam.downsampled_0.bed",
                        "test_sample.sv.assembly.bam.excluded_0.bed",
                        "test_sample.sv.assembly.bam.idsv_metrics",
                        "test_sample.sv.assembly.bam.mapq_metrics",
                        "test_sample.sv.assembly.bam.quality_distribution.pdf",
                        "test_sample.sv.assembly.bam.quality_distribution_metrics",
                        "test_sample.sv.assembly.bam.subsetCalled_0.bed",
                        "test_sample.sv.assembly.bam.sv.bam",
                        "test_sample.sv.assembly.bam.sv.bam.bai",
                        "test_sample.sv.assembly.bam.tag_metrics"
                    ],
                    "test_sample.sv.assembly.bam"
                ]
            ],
            "test_sample.sv.assembly.bam.coverage.blacklist.bed:md5,ff17d5670d73e414b197d3cadc936f81",
            "test_sample.sv.assembly.bam.downsampled_0.bed:md5,6942d9cc2885aa39329f9a858d9c4815",
            "test_sample.sv.assembly.bam.excluded_0.bed:md5,24492334de21631866393bb37650221f",
            "test_sample.sv.assembly.bam.subsetCalled_0.bed:md5,8062af0d2759d89fb1c9be5fc89f11b5",
            [
                "",
                "LENGTH\tCOUNT\tOPERATOR",
                "0\t9\tM",
                "1\t0\tM",
                "2\t0\tM",
                "3\t0\tM",
                "4\t0\tM",
                "5\t0\tM",
                "6\t0\tM",
                "7\t0\tM",
                "8\t0\tM",
                "9\t0\tM",
                "10\t0\tM",
                "11\t0\tM",
                "12\t0\tM",
                "13\t0\tM",
                "14\t0\tM",
                "15\t0\tM",
                "16\t0\tM",
                "17\t0\tM",
                "18\t0\tM",
                "19\t0\tM",
                "20\t0\tM",
                "21\t0\tM",
                "22\t0\tM",
                "23\t0\tM",
                "24\t0\tM",
                "25\t2\tM",
                "26\t0\tM",
                "27\t0\tM",
                "28\t2\tM",
                "29\t0\tM",
                "30\t0\tM",
                "31\t0\tM",
                "32\t1\tM",
                "33\t0\tM",
                "34\t0\tM",
                "35\t0\tM",
                "36\t0\tM",
                "37\t0\tM",
                "38\t0\tM",
                "39\t1\tM",
                "40\t0\tM",
                "41\t0\tM",
                "42\t1\tM",
                "43\t0\tM",
                "44\t0\tM",
                "45\t0\tM",
                "46\t0\tM",
                "47\t0\tM",
                "48\t0\tM",
                "49\t1\tM",
                "50\t0\tM",
                "51\t0\tM",
                "52\t0\tM",
                "53\t1\tM",
                "54\t1\tM",
                "55\t0\tM",
                "56\t0\tM",
                "57\t0\tM",
                "58\t0\tM",
                "59\t0\tM",
                "60\t0\tM",
                "61\t1\tM",
                "62\t0\tM",
                "63\t0\tM",
                "64\t0\tM",
                "65\t0\tM",
                "66\t0\tM",
                "67\t0\tM",
                "68\t1\tM",
                "69\t0\tM",
                "70\t0\tM",
                "71\t0\tM",
                "72\t0\tM",
                "73\t0\tM",
                "74\t0\tM",
                "75\t0\tM",
                "76\t0\tM",
                "77\t0\tM",
                "78\t0\tM",
                "79\t0\tM",
                "80\t0\tM",
                "81\t0\tM",
                "82\t0\tM",
                "83\t0\tM",
                "84\t0\tM",
                "85\t0\tM",
                "86\t0\tM",
                "87\t0\tM",
                "88\t0\tM",
                "89\t0\tM",
                "90\t0\tM",
                "91\t0\tM",
                "92\t0\tM",
                "93\t0\tM",
                "94\t0\tM",
                "95\t0\tM",
                "96\t0\tM",
                "97\t0\tM",
                "98\t0\tM",
                "99\t0\tM",
                "100\t0\tM",
                "101\t0\tM",
                "102\t0\tM",
                "103\t0\tM",
                "104\t0\tM",
                "105\t0\tM",
                "106\t0\tM",
                "107\t0\tM",
                "108\t0\tM",
                "109\t0\tM",
                "110\t0\tM",
                "111\t0\tM",
                "112\t0\tM",
                "113\t0\tM",
                "114\t1\tM",
                "0\t22\tI",
                "0\t22\tD",
                "0\t15\tN",
                "1\t0\tN",
                "2\t0\tN",
                "3\t0\tN",
                "4\t0\tN",
                "5\t0\tN",
                "6\t0\tN",
                "7\t0\tN",
                "8\t0\tN",
                "9\t0\tN",
                "10\t0\tN",
                "11\t0\tN",
                "12\t0\tN",
                "13\t0\tN",
                "14\t0\tN",
                "15\t0\tN",
                "16\t0\tN",
                "17\t0\tN",
                "18\t0\tN",
                "19\t0\tN",
                "20\t0\tN",
                "21\t0\tN",
                "22\t0\tN",
                "23\t0\tN",
                "24\t0\tN",
                "25\t0\tN",
                "26\t0\tN",
                "27\t0\tN",
                "28\t0\tN",
                "29\t0\tN",
                "30\t0\tN",
                "31\t0\tN",
                "32\t0\tN",
                "33\t0\tN",
                "34\t0\tN",
                "35\t0\tN",
                "36\t0\tN",
                "37\t0\tN",
                "38\t0\tN",
                "39\t0\tN",
                "40\t0\tN",
                "41\t0\tN",
                "42\t0\tN",
                "43\t0\tN",
                "44\t0\tN",
                "45\t0\tN",
                "46\t0\tN",
                "47\t0\tN",
                "48\t0\tN",
                "49\t0\tN",
                "50\t0\tN",
                "51\t0\tN",
                "52\t0\tN",
                "53\t0\tN",
                "54\t0\tN",
                "55\t0\tN",
                "56\t0\tN",
                "57\t0\tN",
                "58\t0\tN",
                "59\t0\tN",
                "60\t0\tN",
                "61\t0\tN",
                "62\t0\tN",
                "63\t0\tN",
                "64\t0\tN",
                "65\t0\tN",
                "66\t0\tN",
                "67\t0\tN",
                "68\t0\tN",
                "69\t0\tN",
                "70\t0\tN",
                "71\t0\tN",
                "72\t0\tN",
                "73\t0\tN",
                "74\t0\tN",
                "75\t0\tN",
                "76\t0\tN",
                "77\t0\tN",
                "78\t0\tN",
                "79\t0\tN",
                "80\t0\tN",
                "81\t0\tN",
                "82\t0\tN",
                "83\t0\tN",
                "84\t0\tN",
                "85\t0\tN",
                "86\t0\tN",
                "87\t0\tN",
                "88\t0\tN",
                "89\t0\tN",
                "90\t0\tN",
                "91\t0\tN",
                "92\t0\tN",
                "93\t0\tN",
                "94\t0\tN",
                "95\t0\tN",
                "96\t0\tN",
                "97\t0\tN",
                "98\t0\tN",
                "99\t0\tN",
                "100\t0\tN",
                "101\t0\tN",
                "102\t0\tN",
                "103\t0\tN",
                "104\t0\tN",
                "105\t0\tN",
                "106\t0\tN",
                "107\t0\tN",
                "108\t0\tN",
                "109\t0\tN",
                "110\t0\tN",
                "111\t0\tN",
                "112\t0\tN",
                "113\t0\tN",
                "114\t0\tN",
                "115\t0\tN",
                "116\t0\tN",
                "117\t0\tN",
                "118\t0\tN",
                "119\t0\tN",
                "120\t0\tN",
                "121\t0\tN",
                "122\t0\tN",
                "123\t0\tN",
                "124\t0\tN",
                "125\t0\tN",
                "126\t0\tN",
                "127\t0\tN",
                "128\t0\tN",
                "129\t0\tN",
                "130\t0\tN",
                "131\t0\tN",
                "132\t0\tN",
                "133\t0\tN",
                "134\t0\tN",
                "135\t0\tN",
                "136\t0\tN",
                "137\t0\tN",
                "138\t0\tN",
                "139\t0\tN",
                "140\t0\tN",
                "141\t0\tN",
                "142\t0\tN",
                "143\t0\tN",
                "144\t0\tN",
                "145\t0\tN",
                "146\t0\tN",
                "147\t0\tN",
                "148\t0\tN",
                "149\t0\tN",
                "150\t0\tN",
                "151\t0\tN",
                "152\t0\tN",
                "153\t0\tN",
                "154\t0\tN",
                "155\t0\tN",
                "156\t0\tN",
                "157\t0\tN",
                "158\t0\tN",
                "159\t0\tN",
                "160\t0\tN",
                "161\t0\tN",
                "162\t0\tN",
                "163\t0\tN",
                "164\t0\tN",
                "165\t0\tN",
                "166\t0\tN",
                "167\t0\tN",
                "168\t0\tN",
                "169\t0\tN",
                "170\t0\tN",
                "171\t0\tN",
                "172\t0\tN",
                "173\t0\tN",
                "174\t0\tN",
                "175\t0\tN",
                "176\t0\tN",
                "177\t0\tN",
                "178\t0\tN",
                "179\t0\tN",
                "180\t0\tN",
                "181\t0\tN",
                "182\t0\tN",
                "183\t0\tN",
                "184\t0\tN",
                "185\t0\tN",
                "186\t0\tN",
                "187\t0\tN",
                "188\t0\tN",
                "189\t0\tN",
                "190\t0\tN",
                "191\t0\tN",
                "192\t0\tN",
                "193\t0\tN",
                "194\t0\tN",
                "195\t0\tN",
                "196\t0\tN",
                "197\t0\tN",
                "198\t0\tN",
                "199\t0\tN",
                "200\t0\tN",
                "201\t0\tN",
                "202\t0\tN",
                "203\t0\tN",
                "204\t0\tN",
                "205\t0\tN",
                "206\t0\tN",
                "207\t0\tN",
                "208\t0\tN",
                "209\t0\tN",
                "210\t0\tN",
                "211\t0\tN",
                "212\t0\tN",
                "213\t0\tN",
                "214\t0\tN",
                "215\t0\tN",
                "216\t0\tN",
                "217\t0\tN",
                "218\t0\tN",
                "219\t0\tN",
                "220\t0\tN",
                "221\t0\tN",
                "222\t0\tN",
                "223\t0\tN",
                "224\t0\tN",
                "225\t0\tN",
                "226\t0\tN",
                "227\t0\tN",
                "228\t0\tN",
                "229\t0\tN",
                "230\t0\tN",
                "231\t0\tN",
                "232\t0\tN",
                "233\t0\tN",
                "234\t0\tN",
                "235\t0\tN",
                "236\t0\tN",
                "237\t0\tN",
                "238\t0\tN",
                "239\t0\tN",
                "240\t0\tN",
                "241\t0\tN",
                "242\t0\tN",
                "243\t0\tN",
                "244\t0\tN",
                "245\t0\tN",
                "246\t0\tN",
                "247\t0\tN",
                "248\t0\tN",
                "249\t0\tN",
                "250\t0\tN",
                "251\t0\tN",
                "252\t0\tN",
                "253\t0\tN",
                "254\t0\tN",
                "255\t0\tN",
                "256\t0\tN",
                "257\t0\tN",
                "258\t0\tN",
                "259\t0\tN",
                "260\t0\tN",
                "261\t0\tN",
                "262\t0\tN",
                "263\t0\tN",
                "264\t0\tN",
                "265\t0\tN",
                "266\t0\tN",
                "267\t0\tN",
                "268\t0\tN",
                "269\t0\tN",
                "270\t0\tN",
                "271\t0\tN",
                "272\t0\tN",
                "273\t0\tN",
                "274\t0\tN",
                "275\t0\tN",
                "276\t0\tN",
                "277\t0\tN",
                "278\t0\tN",
                "279\t0\tN",
                "280\t0\tN",
                "281\t0\tN",
                "282\t0\tN",
                "283\t0\tN",
                "284\t0\tN",
                "285\t0\tN",
                "286\t0\tN",
                "287\t0\tN",
                "288\t0\tN",
                "289\t0\tN",
                "290\t0\tN",
                "291\t0\tN",
                "292\t0\tN",
                "293\t0\tN",
                "294\t0\tN",
                "295\t0\tN",
                "296\t0\tN",
                "297\t0\tN",
                "298\t0\tN",
                "299\t0\tN",
                "300\t0\tN",
                "301\t0\tN",
                "302\t0\tN",
                "303\t0\tN",
                "304\t0\tN",
                "305\t0\tN",
                "306\t0\tN",
                "307\t0\tN",
                "308\t0\tN",
                "309\t0\tN",
                "310\t0\tN",
                "311\t0\tN",
                "312\t0\tN",
                "313\t0\tN",
                "314\t0\tN",
                "315\t0\tN",
                "316\t0\tN",
                "317\t0\tN",
                "318\t0\tN",
                "319\t0\tN",
                "320\t0\tN",
                "321\t0\tN",
                "322\t0\tN",
                "323\t0\tN",
                "324\t0\tN",
                "325\t0\tN",
                "326\t0\tN",
                "327\t0\tN",
                "328\t0\tN",
                "329\t0\tN",
                "330\t1\tN",
                "331\t1\tN",
                "332\t0\tN",
                "333\t0\tN",
                "334\t0\tN",
                "335\t0\tN",
                "336\t0\tN",
                "337\t2\tN",
                "338\t0\tN",
                "339\t0\tN",
                "340\t0\tN",
                "341\t0\tN",
                "342\t0\tN",
                "343\t0\tN",
                "344\t0\tN",
                "345\t0\tN",
                "346\t0\tN",
                "347\t0\tN",
                "348\t1\tN",
                "349\t0\tN",
                "350\t0\tN",
                "351\t1\tN",
                "352\t1\tN",
                "0\t22\tS",
                "1\t0\tS",
                "2\t0\tS",
                "3\t0\tS",
                "4\t0\tS",
                "5\t0\tS",
                "6\t0\tS",
                "7\t0\tS",
                "8\t0\tS",
                "9\t0\tS",
                "10\t0\tS",
                "11\t1\tS",
                "12\t0\tS",
                "13\t0\tS",
                "14\t0\tS",
                "15\t0\tS",
                "16\t0\tS",
                "17\t0\tS",
                "18\t0\tS",
                "19\t0\tS",
                "20\t0\tS",
                "21\t0\tS",
                "22\t0\tS",
                "23\t0\tS",
                "24\t0\tS",
                "25\t0\tS",
                "26\t0\tS",
                "27\t0\tS",
                "28\t0\tS",
                "29\t0\tS",
                "30\t0\tS",
                "31\t0\tS",
                "32\t0\tS",
                "33\t0\tS",
                "34\t0\tS",
                "35\t0\tS",
                "36\t0\tS",
                "37\t0\tS",
                "38\t0\tS",
                "39\t0\tS",
                "40\t0\tS",
                "41\t0\tS",
                "42\t0\tS",
                "43\t0\tS",
                "44\t0\tS",
                "45\t0\tS",
                "46\t0\tS",
                "47\t0\tS",
                "48\t0\tS",
                "49\t0\tS",
                "50\t0\tS",
                "51\t0\tS",
                "52\t0\tS",
                "53\t0\tS",
                "54\t0\tS",
                "55\t0\tS",
                "56\t0\tS",
                "57\t0\tS",
                "58\t0\tS",
                "59\t0\tS",
                "60\t0\tS",
                "61\t0\tS",
                "62\t0\tS",
                "63\t0\tS",
                "64\t0\tS",
                "65\t0\tS",
                "66\t0\tS",
                "67\t1\tS",
                "68\t0\tS",
                "69\t0\tS",
                "70\t0\tS",
                "71\t1\tS",
                "72\t0\tS",
                "73\t0\tS",
                "74\t0\tS",
                "75\t0\tS",
                "76\t0\tS",
                "77\t2\tS",
                "78\t0\tS",
                "79\t0\tS",
                "80\t1\tS",
                "81\t0\tS",
                "82\t0\tS",
                "83\t0\tS",
                "84\t0\tS",
                "85\t0\tS",
                "86\t0\tS",
                "87\t0\tS",
                "88\t0\tS",
                "89\t1\tS",
                "90\t1\tS",
                "91\t0\tS",
                "92\t0\tS",
                "93\t0\tS",
                "94\t0\tS",
                "95\t0\tS",
                "96\t0\tS",
                "97\t0\tS",
                "98\t1\tS",
                "99\t0\tS",
                "100\t0\tS",
                "101\t0\tS",
                "102\t0\tS",
                "103\t0\tS",
                "104\t1\tS",
                "105\t0\tS",
                "106\t0\tS",
                "107\t1\tS",
                "108\t0\tS",
                "109\t0\tS",
                "110\t0\tS",
                "111\t0\tS",
                "112\t0\tS",
                "113\t0\tS",
                "114\t0\tS",
                "115\t0\tS",
                "116\t0\tS",
                "117\t0\tS",
                "118\t0\tS",
                "119\t0\tS",
                "120\t0\tS",
                "121\t0\tS",
                "122\t0\tS",
                "123\t0\tS",
                "124\t0\tS",
                "125\t1\tS",
                "126\t0\tS",
                "127\t0\tS",
                "128\t0\tS",
                "129\t0\tS",
                "130\t0\tS",
                "131\t0\tS",
                "132\t0\tS",
                "133\t0\tS",
                "134\t0\tS",
                "135\t0\tS",
                "136\t0\tS",
                "137\t0\tS",
                "138\t0\tS",
                "139\t0\tS",
                "140\t0\tS",
                "141\t1\tS",
                "142\t0\tS",
                "143\t0\tS",
                "144\t0\tS",
                "145\t0\tS",
                "146\t0\tS",
                "147\t0\tS",
                "148\t1\tS",
                "149\t1\tS",
                "150\t0\tS",
                "151\t0\tS",
                "152\t0\tS",
                "153\t1\tS",
                "154\t0\tS",
                "155\t0\tS",
                "156\t0\tS",
                "157\t0\tS",
                "158\t0\tS",
                "159\t0\tS",
                "160\t0\tS",
                "161\t0\tS",
                "162\t0\tS",
                "163\t2\tS",
                "164\t0\tS",
                "165\t0\tS",
                "166\t0\tS",
                "167\t0\tS",
                "168\t0\tS",
                "169\t0\tS",
                "170\t2\tS",
                "171\t0\tS",
                "172\t0\tS",
                "173\t0\tS",
                "174\t0\tS",
                "175\t0\tS",
                "176\t1\tS",
                "177\t0\tS",
                "178\t0\tS",
                "179\t0\tS",
                "180\t0\tS",
                "181\t0\tS",
                "182\t1\tS",
                "0\t44\tH",
                "0\t22\tP",
                "0\t22\t=",
                "0\t13\tX",
                "1\t15\tX",
                "2\t1\tX",
                "",
                ""
            ],
            [
                "",
                "MAX_READ_LENGTH\tMAX_READ_MAPPED_LENGTH\tMAX_PROPER_PAIR_FRAGMENT_LENGTH\tMIN_PROPER_PAIR_FRAGMENT_LENGTH\tREADS\tMAPPED_READS\tREAD_PAIRS\tREAD_PAIRS_BOTH_MAPPED\tREAD_PAIRS_ONE_MAPPED\tREAD_PAIRS_ZERO_MAPPED\tSECONDARY_NOT_SPLIT",
                "190\t503\t\t\t22\t22\t0\t0\t0\t0\t0",
                "",
                ""
            ],
            [
                "",
                "MAX_MAPQ\tMIN_MAPQ\tMAPPED_READS\tUNKNOWN_MAPQ\tZERO_MAPQ\tSAMPLE\tLIBRARY\tREAD_GROUP",
                "60\t60\t22\t0\t0\t\t\t",
                "",
                "mapq\tAll_Reads.",
                "60\t22",
                ""
            ],
            [
                "",
                "",
                "QUALITY\tCOUNT_OF_Q",
                "10\t429",
                "11\t100",
                "12\t114",
                "13\t76",
                "14\t49",
                "15\t88",
                "16\t56",
                "17\t51",
                "18\t34",
                "19\t31",
                "20\t32",
                "21\t1056",
                "22\t90",
                "23\t99",
                "24\t84",
                "25\t61",
                "26\t81",
                "27\t76",
                "28\t76",
                "29\t46",
                "30\t33",
                "31\t62",
                "32\t41",
                "33\t25",
                "34\t30",
                "35\t42",
                "36\t70",
                "37\t42",
                "38\t17",
                "39\t28",
                "40\t14",
                "41\t11",
                "42\t32",
                "43\t1",
                "44\t4",
                "45\t1",
                "46\t4",
                "47\t5",
                "48\t2",
                "49\t4",
                "50\t3",
                "51\t6",
                "52\t7",
                "53\t2",
                "54\t3",
                "56\t2",
                "57\t2",
                "59\t2",
                "60\t1",
                "61\t2",
                "62\t2",
                ""
            ],
            [
                "",
                "TAG\tCOUNT",
                "aa\t22",
                "ad\t22",
                "at\t22",
                "dl\t22",
                "ec\t22",
                "ef\t22",
                "eq\t22",
                "et\t22",
                "ez\t22",
                "oe\t22",
                "os\t22",
                "sb\t22",
                "ua\t9",
                "",
                ""
            ],
            {
                "versions_gridss": [
                    [
                        "GRIDSS_ASSEMBLE",
                        "gridss",
                        "2.13.2"
                    ]
                ]
            }
        ],
        "timestamp": "2026-06-04T12:08:32.130882177",
        "meta": {
            "nf-test": "0.9.4",
            "nextflow": "25.10.4"
        }
    }
}