{
    "build bwamem2 index and untar directories - stub": {
        "content": [
            [
                [
                    {
                        "id": "human_g1k_v37_decoy"
                    },
                    "/imsarath/test-data/refs/heads/main/reference/GRCh37/genome/human_g1k_v37_decoy.fasta"
                ]
            ],
            [
                [
                    {
                        "id": "human_g1k_v37_decoy"
                    },
                    [
                        "human_g1k_v37_decoy.fasta.0123:md5,d41d8cd98f00b204e9800998ecf8427e",
                        "human_g1k_v37_decoy.fasta.amb:md5,d41d8cd98f00b204e9800998ecf8427e",
                        "human_g1k_v37_decoy.fasta.ann:md5,d41d8cd98f00b204e9800998ecf8427e",
                        "human_g1k_v37_decoy.fasta.bwt.2bit.64:md5,d41d8cd98f00b204e9800998ecf8427e",
                        "human_g1k_v37_decoy.fasta.pac:md5,d41d8cd98f00b204e9800998ecf8427e"
                    ]
                ]
            ],
            [
                [
                    {
                        "id": "vep"
                    },
                    [
                        [
                            [
                                "info.txt:md5,d41d8cd98f00b204e9800998ecf8427e"
                            ]
                        ]
                    ]
                ]
            ],
            [
                [
                    {
                        "id": "gridss_index"
                    },
                    [
                        "human_g1k_v37_decoy.fasta:md5,d41d8cd98f00b204e9800998ecf8427e",
                        "human_g1k_v37_decoy.fasta.amb:md5,d41d8cd98f00b204e9800998ecf8427e",
                        "human_g1k_v37_decoy.fasta.ann:md5,d41d8cd98f00b204e9800998ecf8427e",
                        "human_g1k_v37_decoy.fasta.bwt:md5,d41d8cd98f00b204e9800998ecf8427e",
                        "human_g1k_v37_decoy.fasta.fai:md5,d41d8cd98f00b204e9800998ecf8427e",
                        "human_g1k_v37_decoy.fasta.gridsscache:md5,d41d8cd98f00b204e9800998ecf8427e",
                        "human_g1k_v37_decoy.fasta.img:md5,d41d8cd98f00b204e9800998ecf8427e",
                        "human_g1k_v37_decoy.fasta.pac:md5,d41d8cd98f00b204e9800998ecf8427e",
                        "human_g1k_v37_decoy.fasta.sa:md5,d41d8cd98f00b204e9800998ecf8427e"
                    ]
                ]
            ],
            [
                [
                    {
                        "id": "ensembl_data"
                    },
                    [
                        "ensembl_gene_data.csv:md5,d41d8cd98f00b204e9800998ecf8427e",
                        "ensembl_protein_features.csv:md5,d41d8cd98f00b204e9800998ecf8427e",
                        "ensembl_trans_amino_acids.csv:md5,d41d8cd98f00b204e9800998ecf8427e",
                        "ensembl_trans_exon_data.csv:md5,d41d8cd98f00b204e9800998ecf8427e",
                        "ensembl_trans_splice_data.csv:md5,d41d8cd98f00b204e9800998ecf8427e"
                    ]
                ]
            ],
            [
                "versions.yml:md5,db07d261e269c4220700d88fc906a833"
            ]
        ],
        "timestamp": "2026-07-20T15:51:18.283604716",
        "meta": {
            "nf-test": "0.9.4",
            "nextflow": "26.04.3"
        }
    },
    "build bwamem2 index and untar directories": {
        "content": [
            [
                [
                    {
                        "id": "human_g1k_v37_decoy"
                    },
                    "/imsarath/test-data/refs/heads/main/reference/GRCh37/genome/human_g1k_v37_decoy.fasta"
                ]
            ],
            [
                [
                    {
                        "id": "human_g1k_v37_decoy"
                    },
                    [
                        "human_g1k_v37_decoy.fasta.0123:md5,6472290de5b900994d6c15aacb9954c0",
                        "human_g1k_v37_decoy.fasta.amb:md5,3a91cbbc3499c6a863a05a7fc0e32706",
                        "human_g1k_v37_decoy.fasta.ann:md5,fce467dcdf286be017241e1410a54af1",
                        "human_g1k_v37_decoy.fasta.bwt.2bit.64:md5,0490fdd14a2a4c9c5f22130c8f58d2a6",
                        "human_g1k_v37_decoy.fasta.pac:md5,2f66557292b6f30d6a17d115fad85acb"
                    ]
                ]
            ],
            [
                [
                    {
                        "id": "vep"
                    },
                    [
                        [
                            [
                                "info.txt:md5,d41d8cd98f00b204e9800998ecf8427e"
                            ]
                        ]
                    ]
                ]
            ],
            [
                [
                    {
                        "id": "gridss_index"
                    },
                    [
                        "human_g1k_v37_decoy.fasta:md5,ca2d0bc7c83afd32621e3dfed73943de",
                        "human_g1k_v37_decoy.fasta.amb:md5,3a91cbbc3499c6a863a05a7fc0e32706",
                        "human_g1k_v37_decoy.fasta.ann:md5,fce467dcdf286be017241e1410a54af1",
                        "human_g1k_v37_decoy.fasta.bwt:md5,a89e9dd9ecd2071f7927047c31d07df3",
                        "human_g1k_v37_decoy.fasta.fai:md5,b185081fee633132bd2f6f12d715179b",
                        "human_g1k_v37_decoy.fasta.gridsscache:md5,d41d8cd98f00b204e9800998ecf8427e",
                        "human_g1k_v37_decoy.fasta.img:md5,d41d8cd98f00b204e9800998ecf8427e",
                        "human_g1k_v37_decoy.fasta.pac:md5,2f66557292b6f30d6a17d115fad85acb",
                        "human_g1k_v37_decoy.fasta.sa:md5,61f23d7daf4e80946cdc61581dc9c1c1"
                    ]
                ]
            ],
            [
                [
                    {
                        "id": "ensembl_data"
                    },
                    [
                        "ensembl_gene_data.csv:md5,3888be06b14b74e8f2c7785443ef1b69",
                        "ensembl_protein_features.csv:md5,d4dcb1614482b6f4e0357cebf0c15f33",
                        "ensembl_trans_amino_acids.csv:md5,ecac8ae1d70b15a8f086860b0f8eb3ee",
                        "ensembl_trans_exon_data.csv:md5,dd2e5924ea9a8f06deffb98b4f5c32f1",
                        "ensembl_trans_splice_data.csv:md5,e397cc7c4bd537e685a713292de193ee"
                    ]
                ]
            ],
            [
                "versions.yml:md5,db07d261e269c4220700d88fc906a833"
            ]
        ],
        "timestamp": "2026-07-20T15:51:10.442151125",
        "meta": {
            "nf-test": "0.9.4",
            "nextflow": "26.04.3"
        }
    }
}