{
    "purecn_run with presegmentation - with VCF": {
        "content": [
            true,
            true,
            [
                [
                    {
                        "id": "test_sample"
                    },
                    "test_sample_purecn.csv:md5,6509c326c007900ef35aed58bfc34d55"
                ]
            ],
            [
                [
                    {
                        "id": "test_sample"
                    },
                    "test_sample_purecn_dnacopy.seg:md5,66f07319606b91dbff767dba416e9cf1"
                ]
            ],
            [
                [
                    "PURECN_RUN",
                    "PureCN",
                    "2.12.0"
                ]
            ]
        ],
        "timestamp": "2026-07-21T17:46:09.868807972",
        "meta": {
            "nf-test": "0.9.4",
            "nextflow": "26.04.3"
        }
    },
    "purecn_run with presegmentation - without VCF": {
        "content": [
            true,
            true,
            [
                [
                    {
                        "id": "test_sample"
                    },
                    "test_sample_purecn.csv:md5,6509c326c007900ef35aed58bfc34d55"
                ]
            ],
            [
                [
                    {
                        "id": "test_sample"
                    },
                    "test_sample_purecn_dnacopy.seg:md5,66f07319606b91dbff767dba416e9cf1"
                ]
            ],
            [
                [
                    {
                        "id": "test_sample"
                    },
                    "test_sample_purecn_genes.csv:md5,a1485ae8fc2e3aa20acb01b9489fbc18"
                ]
            ],
            [
                [
                    "PURECN_RUN",
                    "PureCN",
                    "2.12.0"
                ]
            ]
        ],
        "timestamp": "2026-07-21T17:46:29.615454253",
        "meta": {
            "nf-test": "0.9.4",
            "nextflow": "26.04.3"
        }
    },
    "purecn_run with presegmentation - stub": {
        "content": [
            {
                "amplification_pvalues_csv": [
                    
                ],
                "chr_pdf": [
                    
                ],
                "csv": [
                    [
                        {
                            "id": "test_sample"
                        },
                        "test_sample_purecn.csv:md5,d41d8cd98f00b204e9800998ecf8427e"
                    ]
                ],
                "genes_csv": [
                    
                ],
                "local_optima_pdf": [
                    [
                        {
                            "id": "test_sample"
                        },
                        "test_sample_purecn_local_optima.pdf:md5,d41d8cd98f00b204e9800998ecf8427e"
                    ]
                ],
                "log": [
                    
                ],
                "loh_csv": [
                    
                ],
                "multisample_seg": [
                    
                ],
                "pdf": [
                    [
                        {
                            "id": "test_sample"
                        },
                        [
                            "test_sample_purecn.pdf:md5,d41d8cd98f00b204e9800998ecf8427e",
                            "test_sample_purecn_local_optima.pdf:md5,d41d8cd98f00b204e9800998ecf8427e"
                        ]
                    ]
                ],
                "seg": [
                    [
                        {
                            "id": "test_sample"
                        },
                        "test_sample_purecn_dnacopy.seg:md5,d41d8cd98f00b204e9800998ecf8427e"
                    ]
                ],
                "segmentation_pdf": [
                    
                ],
                "variants_csv": [
                    
                ],
                "vcf_gz": [
                    
                ],
                "versions_purecn": [
                    [
                        "PURECN_RUN",
                        "PureCN",
                        "2.12.0"
                    ]
                ]
            }
        ],
        "timestamp": "2026-07-21T17:46:40.898858868",
        "meta": {
            "nf-test": "0.9.4",
            "nextflow": "26.04.3"
        }
    }
}